2026-07-07 09:57:01,487 [INFO] ════════════════════════════════════════════════════════════
2026-07-07 09:57:01,487 [INFO] MISSION START  mission_id=75933a40-9b65-49c3-8605-e074cd6585d5
2026-07-07 09:57:01,487 [INFO] Prompt audit : Patrol the perimeter loop twice at 15 metres
2026-07-07 09:57:01,487 [INFO] Actions      : 7
2026-07-07 09:57:01,487 [INFO] Connection   : udp://:14540
2026-07-07 09:57:01,487 [INFO] ════════════════════════════════════════════════════════════
2026-07-07 09:57:01,487 [INFO] Connecting to SITL at udp://:14540 …
2026-07-07 09:57:02,343 [INFO] Waiting for heartbeat …
2026-07-07 09:57:02,346 [INFO] Heartbeat received — SITL connected.
2026-07-07 09:57:02,346 [INFO] Waiting for global position estimate …
2026-07-07 09:57:03,304 [INFO] Global position OK — ready to arm.
2026-07-07 09:57:03,304 [INFO] CMD: arm()
2026-07-07 09:57:03,333 [INFO] Vehicle armed.
2026-07-07 09:57:03,334 [INFO] ─── Action 1/7: type=ActionType.TAKEOFF id=t1
2026-07-07 09:57:03,334 [INFO] CMD: set_takeoff_altitude(15.0 m)
2026-07-07 09:57:03,346 [INFO] CMD: takeoff()
2026-07-07 09:57:03,369 [DEBUG] Waiting for in_air confirmation (timeout=30 s) …
2026-07-07 09:57:04,326 [DEBUG]   in_air=False
2026-07-07 09:57:05,364 [DEBUG]   in_air=True
2026-07-07 09:57:05,364 [INFO] Airborne — takeoff to 15.0 m complete.
2026-07-07 09:57:05,365 [INFO] ─── Action 2/7: type=ActionType.GOTO_WAYPOINT id=wp_ne
2026-07-07 09:57:05,367 [INFO] CMD: goto_location(lat=47.398242, lon=8.546094, alt=15.0 m, speed=3.0 m/s)
2026-07-07 09:57:05,421 [DEBUG] Waiting for arrival at waypoint wp_ne …
2026-07-07 09:57:05,471 [DEBUG]   distance to waypoint: 30.6 m
2026-07-07 09:57:05,972 [DEBUG]   distance to waypoint: 30.6 m
2026-07-07 09:57:06,473 [DEBUG]   distance to waypoint: 30.6 m
2026-07-07 09:57:06,974 [DEBUG]   distance to waypoint: 30.4 m
2026-07-07 09:57:07,476 [DEBUG]   distance to waypoint: 29.3 m
2026-07-07 09:57:07,978 [DEBUG]   distance to waypoint: 27.4 m
2026-07-07 09:57:08,480 [DEBUG]   distance to waypoint: 25.1 m
2026-07-07 09:57:08,982 [DEBUG]   distance to waypoint: 22.7 m
2026-07-07 09:57:09,484 [DEBUG]   distance to waypoint: 20.6 m
2026-07-07 09:57:09,984 [DEBUG]   distance to waypoint: 18.6 m
2026-07-07 09:57:10,486 [DEBUG]   distance to waypoint: 16.2 m
2026-07-07 09:57:10,986 [DEBUG]   distance to waypoint: 13.9 m
2026-07-07 09:57:11,487 [DEBUG]   distance to waypoint: 11.6 m
2026-07-07 09:57:11,989 [DEBUG]   distance to waypoint: 9.3 m
2026-07-07 09:57:12,490 [DEBUG]   distance to waypoint: 7.2 m
2026-07-07 09:57:12,991 [DEBUG]   distance to waypoint: 5.6 m
2026-07-07 09:57:13,492 [DEBUG]   distance to waypoint: 4.4 m
2026-07-07 09:57:13,993 [DEBUG]   distance to waypoint: 3.3 m
2026-07-07 09:57:14,495 [DEBUG]   distance to waypoint: 2.5 m
2026-07-07 09:57:14,995 [DEBUG]   distance to waypoint: 1.9 m
2026-07-07 09:57:14,995 [INFO] Arrived at waypoint wp_ne (dist=1.9 m).
2026-07-07 09:57:14,996 [INFO] ─── Action 3/7: type=ActionType.GOTO_WAYPOINT id=wp_se
2026-07-07 09:57:14,996 [INFO] CMD: goto_location(lat=47.397242, lon=8.546094, alt=15.0 m, speed=3.0 m/s)
2026-07-07 09:57:15,045 [DEBUG] Waiting for arrival at waypoint wp_se …
2026-07-07 09:57:15,096 [DEBUG]   distance to waypoint: 109.4 m
2026-07-07 09:57:15,598 [DEBUG]   distance to waypoint: 109.8 m
2026-07-07 09:57:16,098 [DEBUG]   distance to waypoint: 109.7 m
2026-07-07 09:57:16,599 [DEBUG]   distance to waypoint: 108.8 m
2026-07-07 09:57:17,100 [DEBUG]   distance to waypoint: 107.4 m
2026-07-07 09:57:17,602 [DEBUG]   distance to waypoint: 105.9 m
2026-07-07 09:57:18,103 [DEBUG]   distance to waypoint: 104.6 m
2026-07-07 09:57:18,605 [DEBUG]   distance to waypoint: 103.3 m
2026-07-07 09:57:19,106 [DEBUG]   distance to waypoint: 101.9 m
2026-07-07 09:57:19,607 [DEBUG]   distance to waypoint: 100.4 m
2026-07-07 09:57:20,107 [DEBUG]   distance to waypoint: 99.0 m
2026-07-07 09:57:20,609 [DEBUG]   distance to waypoint: 97.4 m
2026-07-07 09:57:21,111 [DEBUG]   distance to waypoint: 95.9 m
2026-07-07 09:57:21,612 [DEBUG]   distance to waypoint: 94.4 m
2026-07-07 09:57:22,113 [DEBUG]   distance to waypoint: 92.9 m
2026-07-07 09:57:22,614 [DEBUG]   distance to waypoint: 91.4 m
2026-07-07 09:57:23,115 [DEBUG]   distance to waypoint: 90.0 m
2026-07-07 09:57:23,616 [DEBUG]   distance to waypoint: 88.4 m
2026-07-07 09:57:24,118 [DEBUG]   distance to waypoint: 87.0 m
2026-07-07 09:57:24,619 [DEBUG]   distance to waypoint: 85.5 m
2026-07-07 09:57:25,120 [DEBUG]   distance to waypoint: 84.0 m
2026-07-07 09:57:25,621 [DEBUG]   distance to waypoint: 82.6 m
2026-07-07 09:57:26,122 [DEBUG]   distance to waypoint: 81.2 m
2026-07-07 09:57:26,624 [DEBUG]   distance to waypoint: 79.7 m
2026-07-07 09:57:27,125 [DEBUG]   distance to waypoint: 78.2 m
2026-07-07 09:57:27,626 [DEBUG]   distance to waypoint: 76.7 m
2026-07-07 09:57:28,128 [DEBUG]   distance to waypoint: 75.3 m
2026-07-07 09:57:28,630 [DEBUG]   distance to waypoint: 73.8 m
2026-07-07 09:57:29,132 [DEBUG]   distance to waypoint: 72.3 m
2026-07-07 09:57:29,634 [DEBUG]   distance to waypoint: 70.9 m
2026-07-07 09:57:30,135 [DEBUG]   distance to waypoint: 69.4 m
2026-07-07 09:57:30,636 [DEBUG]   distance to waypoint: 68.0 m
2026-07-07 09:57:31,137 [DEBUG]   distance to waypoint: 66.5 m
2026-07-07 09:57:31,638 [DEBUG]   distance to waypoint: 65.0 m
2026-07-07 09:57:32,140 [DEBUG]   distance to waypoint: 63.5 m
2026-07-07 09:57:32,641 [DEBUG]   distance to waypoint: 62.0 m
2026-07-07 09:57:33,142 [DEBUG]   distance to waypoint: 60.5 m
2026-07-07 09:57:33,643 [DEBUG]   distance to waypoint: 59.1 m
2026-07-07 09:57:34,144 [DEBUG]   distance to waypoint: 57.5 m
2026-07-07 09:57:34,644 [DEBUG]   distance to waypoint: 56.1 m
2026-07-07 09:57:35,146 [DEBUG]   distance to waypoint: 54.7 m
2026-07-07 09:57:35,648 [DEBUG]   distance to waypoint: 53.2 m
2026-07-07 09:57:36,149 [DEBUG]   distance to waypoint: 51.7 m
2026-07-07 09:57:36,650 [DEBUG]   distance to waypoint: 50.2 m
2026-07-07 09:57:37,152 [DEBUG]   distance to waypoint: 48.8 m
2026-07-07 09:57:37,654 [DEBUG]   distance to waypoint: 47.3 m
2026-07-07 09:57:38,157 [DEBUG]   distance to waypoint: 45.8 m
2026-07-07 09:57:38,657 [DEBUG]   distance to waypoint: 44.2 m
2026-07-07 09:57:39,158 [DEBUG]   distance to waypoint: 42.8 m
2026-07-07 09:57:39,659 [DEBUG]   distance to waypoint: 41.3 m
2026-07-07 09:57:40,161 [DEBUG]   distance to waypoint: 39.9 m
2026-07-07 09:57:40,662 [DEBUG]   distance to waypoint: 38.5 m
2026-07-07 09:57:41,162 [DEBUG]   distance to waypoint: 37.0 m
2026-07-07 09:57:41,664 [DEBUG]   distance to waypoint: 35.5 m
2026-07-07 09:57:42,165 [DEBUG]   distance to waypoint: 34.0 m
2026-07-07 09:57:42,665 [DEBUG]   distance to waypoint: 32.5 m
2026-07-07 09:57:43,167 [DEBUG]   distance to waypoint: 31.1 m
2026-07-07 09:57:43,668 [DEBUG]   distance to waypoint: 29.6 m
2026-07-07 09:57:44,169 [DEBUG]   distance to waypoint: 28.1 m
2026-07-07 09:57:44,670 [DEBUG]   distance to waypoint: 26.6 m
2026-07-07 09:57:45,171 [DEBUG]   distance to waypoint: 25.1 m
2026-07-07 09:57:45,672 [DEBUG]   distance to waypoint: 23.7 m
2026-07-07 09:57:46,173 [DEBUG]   distance to waypoint: 22.3 m
2026-07-07 09:57:46,674 [DEBUG]   distance to waypoint: 20.8 m
2026-07-07 09:57:47,175 [DEBUG]   distance to waypoint: 19.3 m
2026-07-07 09:57:47,675 [DEBUG]   distance to waypoint: 17.8 m
2026-07-07 09:57:48,176 [DEBUG]   distance to waypoint: 16.3 m
2026-07-07 09:57:48,676 [DEBUG]   distance to waypoint: 14.8 m
2026-07-07 09:57:49,178 [DEBUG]   distance to waypoint: 13.4 m
2026-07-07 09:57:49,679 [DEBUG]   distance to waypoint: 11.9 m
2026-07-07 09:57:50,180 [DEBUG]   distance to waypoint: 10.4 m
2026-07-07 09:57:50,681 [DEBUG]   distance to waypoint: 8.9 m
2026-07-07 09:57:51,182 [DEBUG]   distance to waypoint: 7.5 m
2026-07-07 09:57:51,683 [DEBUG]   distance to waypoint: 6.0 m
2026-07-07 09:57:52,184 [DEBUG]   distance to waypoint: 4.5 m
2026-07-07 09:57:52,685 [DEBUG]   distance to waypoint: 3.3 m
2026-07-07 09:57:53,186 [DEBUG]   distance to waypoint: 2.4 m
2026-07-07 09:57:53,686 [DEBUG]   distance to waypoint: 1.8 m
2026-07-07 09:57:53,686 [INFO] Arrived at waypoint wp_se (dist=1.8 m).
2026-07-07 09:57:53,687 [INFO] ─── Action 4/7: type=ActionType.GOTO_WAYPOINT id=wp_sw
2026-07-07 09:57:53,687 [INFO] CMD: goto_location(lat=47.397242, lon=8.545094, alt=15.0 m, speed=3.0 m/s)
2026-07-07 09:57:53,738 [DEBUG] Waiting for arrival at waypoint wp_sw …
2026-07-07 09:57:53,789 [DEBUG]   distance to waypoint: 75.2 m
2026-07-07 09:57:54,290 [DEBUG]   distance to waypoint: 75.2 m
2026-07-07 09:57:54,791 [DEBUG]   distance to waypoint: 74.8 m
2026-07-07 09:57:55,292 [DEBUG]   distance to waypoint: 74.0 m
2026-07-07 09:57:55,795 [DEBUG]   distance to waypoint: 72.6 m
2026-07-07 09:57:56,297 [DEBUG]   distance to waypoint: 71.1 m
2026-07-07 09:57:56,798 [DEBUG]   distance to waypoint: 69.7 m
2026-07-07 09:57:57,299 [DEBUG]   distance to waypoint: 68.3 m
2026-07-07 09:57:57,800 [DEBUG]   distance to waypoint: 66.8 m
2026-07-07 09:57:58,302 [DEBUG]   distance to waypoint: 65.4 m
2026-07-07 09:57:58,803 [DEBUG]   distance to waypoint: 63.9 m
2026-07-07 09:57:59,304 [DEBUG]   distance to waypoint: 62.4 m
2026-07-07 09:57:59,805 [DEBUG]   distance to waypoint: 60.9 m
2026-07-07 09:58:00,306 [DEBUG]   distance to waypoint: 59.5 m
2026-07-07 09:58:00,808 [DEBUG]   distance to waypoint: 58.0 m
2026-07-07 09:58:01,310 [DEBUG]   distance to waypoint: 56.5 m
2026-07-07 09:58:01,811 [DEBUG]   distance to waypoint: 55.1 m
2026-07-07 09:58:02,311 [DEBUG]   distance to waypoint: 53.6 m
2026-07-07 09:58:02,813 [DEBUG]   distance to waypoint: 52.2 m
2026-07-07 09:58:03,314 [DEBUG]   distance to waypoint: 50.7 m
2026-07-07 09:58:03,815 [DEBUG]   distance to waypoint: 49.2 m
2026-07-07 09:58:04,316 [DEBUG]   distance to waypoint: 47.7 m
2026-07-07 09:58:04,817 [DEBUG]   distance to waypoint: 46.3 m
2026-07-07 09:58:05,318 [DEBUG]   distance to waypoint: 44.8 m
2026-07-07 09:58:05,819 [DEBUG]   distance to waypoint: 43.3 m
2026-07-07 09:58:06,320 [DEBUG]   distance to waypoint: 41.9 m
2026-07-07 09:58:06,821 [DEBUG]   distance to waypoint: 40.4 m
2026-07-07 09:58:07,322 [DEBUG]   distance to waypoint: 38.9 m
2026-07-07 09:58:07,823 [DEBUG]   distance to waypoint: 37.4 m
2026-07-07 09:58:08,324 [DEBUG]   distance to waypoint: 36.0 m
2026-07-07 09:58:08,824 [DEBUG]   distance to waypoint: 34.5 m
2026-07-07 09:58:09,325 [DEBUG]   distance to waypoint: 33.0 m
2026-07-07 09:58:09,827 [DEBUG]   distance to waypoint: 31.6 m
2026-07-07 09:58:10,329 [DEBUG]   distance to waypoint: 30.1 m
2026-07-07 09:58:10,829 [DEBUG]   distance to waypoint: 28.6 m
2026-07-07 09:58:11,330 [DEBUG]   distance to waypoint: 27.2 m
2026-07-07 09:58:11,831 [DEBUG]   distance to waypoint: 25.7 m
2026-07-07 09:58:12,332 [DEBUG]   distance to waypoint: 24.3 m
2026-07-07 09:58:12,834 [DEBUG]   distance to waypoint: 22.7 m
2026-07-07 09:58:13,335 [DEBUG]   distance to waypoint: 21.3 m
2026-07-07 09:58:13,836 [DEBUG]   distance to waypoint: 19.8 m
2026-07-07 09:58:14,337 [DEBUG]   distance to waypoint: 18.4 m
2026-07-07 09:58:14,838 [DEBUG]   distance to waypoint: 17.0 m
2026-07-07 09:58:15,339 [DEBUG]   distance to waypoint: 15.5 m
2026-07-07 09:58:15,840 [DEBUG]   distance to waypoint: 14.0 m
2026-07-07 09:58:16,342 [DEBUG]   distance to waypoint: 12.5 m
2026-07-07 09:58:16,843 [DEBUG]   distance to waypoint: 11.1 m
2026-07-07 09:58:17,345 [DEBUG]   distance to waypoint: 9.5 m
2026-07-07 09:58:17,847 [DEBUG]   distance to waypoint: 8.1 m
2026-07-07 09:58:18,348 [DEBUG]   distance to waypoint: 6.6 m
2026-07-07 09:58:18,849 [DEBUG]   distance to waypoint: 5.1 m
2026-07-07 09:58:19,351 [DEBUG]   distance to waypoint: 3.8 m
2026-07-07 09:58:19,854 [DEBUG]   distance to waypoint: 2.8 m
2026-07-07 09:58:20,354 [DEBUG]   distance to waypoint: 2.1 m
2026-07-07 09:58:20,855 [DEBUG]   distance to waypoint: 1.5 m
2026-07-07 09:58:20,856 [INFO] Arrived at waypoint wp_sw (dist=1.5 m).
2026-07-07 09:58:20,856 [INFO] ─── Action 5/7: type=ActionType.GOTO_WAYPOINT id=wp_nw
2026-07-07 09:58:20,856 [INFO] CMD: goto_location(lat=47.398242, lon=8.545094, alt=15.0 m, speed=3.0 m/s)
2026-07-07 09:58:20,904 [DEBUG] Waiting for arrival at waypoint wp_nw …
2026-07-07 09:58:20,955 [DEBUG]   distance to waypoint: 111.4 m
2026-07-07 09:58:21,456 [DEBUG]   distance to waypoint: 111.4 m
2026-07-07 09:58:21,958 [DEBUG]   distance to waypoint: 111.0 m
2026-07-07 09:58:22,459 [DEBUG]   distance to waypoint: 110.2 m
2026-07-07 09:58:22,959 [DEBUG]   distance to waypoint: 108.8 m
2026-07-07 09:58:23,461 [DEBUG]   distance to waypoint: 107.3 m
2026-07-07 09:58:23,963 [DEBUG]   distance to waypoint: 105.8 m
2026-07-07 09:58:24,464 [DEBUG]   distance to waypoint: 104.4 m
2026-07-07 09:58:24,965 [DEBUG]   distance to waypoint: 102.9 m
2026-07-07 09:58:25,466 [DEBUG]   distance to waypoint: 101.4 m
2026-07-07 09:58:25,967 [DEBUG]   distance to waypoint: 99.9 m
2026-07-07 09:58:26,468 [DEBUG]   distance to waypoint: 98.5 m
2026-07-07 09:58:26,968 [DEBUG]   distance to waypoint: 97.0 m
2026-07-07 09:58:27,470 [DEBUG]   distance to waypoint: 95.6 m
2026-07-07 09:58:27,971 [DEBUG]   distance to waypoint: 94.0 m
2026-07-07 09:58:28,472 [DEBUG]   distance to waypoint: 92.6 m
2026-07-07 09:58:28,973 [DEBUG]   distance to waypoint: 91.2 m
2026-07-07 09:58:29,475 [DEBUG]   distance to waypoint: 89.7 m
2026-07-07 09:58:29,976 [DEBUG]   distance to waypoint: 88.2 m
2026-07-07 09:58:30,476 [DEBUG]   distance to waypoint: 86.7 m
2026-07-07 09:58:30,978 [DEBUG]   distance to waypoint: 85.2 m
2026-07-07 09:58:31,478 [DEBUG]   distance to waypoint: 83.8 m
2026-07-07 09:58:31,979 [DEBUG]   distance to waypoint: 82.3 m
2026-07-07 09:58:32,480 [DEBUG]   distance to waypoint: 80.8 m
2026-07-07 09:58:32,981 [DEBUG]   distance to waypoint: 79.4 m
2026-07-07 09:58:33,483 [DEBUG]   distance to waypoint: 78.0 m
2026-07-07 09:58:33,984 [DEBUG]   distance to waypoint: 76.5 m
2026-07-07 09:58:34,486 [DEBUG]   distance to waypoint: 75.0 m
2026-07-07 09:58:34,987 [DEBUG]   distance to waypoint: 73.5 m
2026-07-07 09:58:35,488 [DEBUG]   distance to waypoint: 72.1 m
2026-07-07 09:58:35,989 [DEBUG]   distance to waypoint: 70.6 m
2026-07-07 09:58:36,490 [DEBUG]   distance to waypoint: 69.1 m
2026-07-07 09:58:36,992 [DEBUG]   distance to waypoint: 67.6 m
2026-07-07 09:58:37,494 [DEBUG]   distance to waypoint: 66.1 m
2026-07-07 09:58:37,995 [DEBUG]   distance to waypoint: 64.6 m
2026-07-07 09:58:38,496 [DEBUG]   distance to waypoint: 63.1 m
2026-07-07 09:58:38,999 [DEBUG]   distance to waypoint: 61.7 m
2026-07-07 09:58:39,499 [DEBUG]   distance to waypoint: 60.2 m
2026-07-07 09:58:40,000 [DEBUG]   distance to waypoint: 58.7 m
2026-07-07 09:58:40,502 [DEBUG]   distance to waypoint: 57.2 m
2026-07-07 09:58:41,003 [DEBUG]   distance to waypoint: 55.8 m
2026-07-07 09:58:41,504 [DEBUG]   distance to waypoint: 54.3 m
2026-07-07 09:58:42,005 [DEBUG]   distance to waypoint: 52.8 m
2026-07-07 09:58:42,506 [DEBUG]   distance to waypoint: 51.3 m
2026-07-07 09:58:43,007 [DEBUG]   distance to waypoint: 50.0 m
2026-07-07 09:58:43,507 [DEBUG]   distance to waypoint: 48.5 m
2026-07-07 09:58:44,009 [DEBUG]   distance to waypoint: 47.0 m
2026-07-07 09:58:44,509 [DEBUG]   distance to waypoint: 45.5 m
2026-07-07 09:58:45,010 [DEBUG]   distance to waypoint: 44.0 m
2026-07-07 09:58:45,511 [DEBUG]   distance to waypoint: 42.5 m
2026-07-07 09:58:46,011 [DEBUG]   distance to waypoint: 41.0 m
2026-07-07 09:58:46,512 [DEBUG]   distance to waypoint: 39.5 m
2026-07-07 09:58:47,013 [DEBUG]   distance to waypoint: 38.0 m
2026-07-07 09:58:47,514 [DEBUG]   distance to waypoint: 36.5 m
2026-07-07 09:58:48,016 [DEBUG]   distance to waypoint: 35.0 m
2026-07-07 09:58:48,517 [DEBUG]   distance to waypoint: 33.5 m
2026-07-07 09:58:49,018 [DEBUG]   distance to waypoint: 32.1 m
2026-07-07 09:58:49,519 [DEBUG]   distance to waypoint: 30.6 m
2026-07-07 09:58:50,020 [DEBUG]   distance to waypoint: 29.1 m
2026-07-07 09:58:50,522 [DEBUG]   distance to waypoint: 27.6 m
2026-07-07 09:58:51,024 [DEBUG]   distance to waypoint: 26.2 m
2026-07-07 09:58:51,525 [DEBUG]   distance to waypoint: 24.7 m
2026-07-07 09:58:52,026 [DEBUG]   distance to waypoint: 23.2 m
2026-07-07 09:58:52,527 [DEBUG]   distance to waypoint: 21.7 m
2026-07-07 09:58:53,028 [DEBUG]   distance to waypoint: 20.2 m
2026-07-07 09:58:53,528 [DEBUG]   distance to waypoint: 18.7 m
2026-07-07 09:58:54,031 [DEBUG]   distance to waypoint: 17.3 m
2026-07-07 09:58:54,531 [DEBUG]   distance to waypoint: 15.8 m
2026-07-07 09:58:55,032 [DEBUG]   distance to waypoint: 14.2 m
2026-07-07 09:58:55,535 [DEBUG]   distance to waypoint: 12.9 m
2026-07-07 09:58:56,036 [DEBUG]   distance to waypoint: 11.3 m
2026-07-07 09:58:56,537 [DEBUG]   distance to waypoint: 9.8 m
2026-07-07 09:58:57,038 [DEBUG]   distance to waypoint: 8.3 m
2026-07-07 09:58:57,538 [DEBUG]   distance to waypoint: 6.8 m
2026-07-07 09:58:58,039 [DEBUG]   distance to waypoint: 5.3 m
2026-07-07 09:58:58,540 [DEBUG]   distance to waypoint: 3.9 m
2026-07-07 09:58:59,041 [DEBUG]   distance to waypoint: 2.9 m
2026-07-07 09:58:59,542 [DEBUG]   distance to waypoint: 2.1 m
2026-07-07 09:59:00,043 [DEBUG]   distance to waypoint: 1.6 m
2026-07-07 09:59:00,043 [INFO] Arrived at waypoint wp_nw (dist=1.6 m).
2026-07-07 09:59:00,044 [INFO] ─── Action 6/7: type=ActionType.LOOP id=loop1
2026-07-07 09:59:00,044 [INFO] LOOP: 4 waypoints × 2 repeats
2026-07-07 09:59:00,044 [INFO]   Loop iteration 1/2
2026-07-07 09:59:00,044 [INFO] CMD: goto_location(lat=47.398242, lon=8.546094, alt=15.0 m, speed=3.0 m/s)
2026-07-07 09:59:00,082 [DEBUG] Waiting for arrival at waypoint wp_ne …
2026-07-07 09:59:00,133 [DEBUG]   distance to waypoint: 75.5 m
2026-07-07 09:59:00,634 [DEBUG]   distance to waypoint: 75.5 m
2026-07-07 09:59:01,135 [DEBUG]   distance to waypoint: 75.1 m
2026-07-07 09:59:01,636 [DEBUG]   distance to waypoint: 74.4 m
2026-07-07 09:59:02,137 [DEBUG]   distance to waypoint: 73.1 m
2026-07-07 09:59:02,638 [DEBUG]   distance to waypoint: 71.6 m
2026-07-07 09:59:03,139 [DEBUG]   distance to waypoint: 70.1 m
2026-07-07 09:59:03,640 [DEBUG]   distance to waypoint: 68.7 m
2026-07-07 09:59:04,142 [DEBUG]   distance to waypoint: 67.3 m
2026-07-07 09:59:04,643 [DEBUG]   distance to waypoint: 65.8 m
2026-07-07 09:59:05,145 [DEBUG]   distance to waypoint: 64.4 m
2026-07-07 09:59:05,647 [DEBUG]   distance to waypoint: 62.9 m
2026-07-07 09:59:06,148 [DEBUG]   distance to waypoint: 61.4 m
2026-07-07 09:59:06,650 [DEBUG]   distance to waypoint: 59.9 m
2026-07-07 09:59:07,151 [DEBUG]   distance to waypoint: 58.4 m
2026-07-07 09:59:07,653 [DEBUG]   distance to waypoint: 57.0 m
2026-07-07 09:59:08,154 [DEBUG]   distance to waypoint: 55.5 m
2026-07-07 09:59:08,655 [DEBUG]   distance to waypoint: 54.0 m
2026-07-07 09:59:09,156 [DEBUG]   distance to waypoint: 52.5 m
2026-07-07 09:59:09,657 [DEBUG]   distance to waypoint: 51.1 m
2026-07-07 09:59:10,158 [DEBUG]   distance to waypoint: 49.7 m
2026-07-07 09:59:10,659 [DEBUG]   distance to waypoint: 48.2 m
2026-07-07 09:59:11,160 [DEBUG]   distance to waypoint: 46.7 m
2026-07-07 09:59:11,660 [DEBUG]   distance to waypoint: 45.2 m
2026-07-07 09:59:12,161 [DEBUG]   distance to waypoint: 43.7 m
2026-07-07 09:59:12,662 [DEBUG]   distance to waypoint: 42.2 m
2026-07-07 09:59:13,165 [DEBUG]   distance to waypoint: 40.7 m
2026-07-07 09:59:13,667 [DEBUG]   distance to waypoint: 39.2 m
2026-07-07 09:59:14,168 [DEBUG]   distance to waypoint: 37.7 m
2026-07-07 09:59:14,669 [DEBUG]   distance to waypoint: 36.3 m
2026-07-07 09:59:15,170 [DEBUG]   distance to waypoint: 34.9 m
2026-07-07 09:59:15,671 [DEBUG]   distance to waypoint: 33.4 m
2026-07-07 09:59:16,172 [DEBUG]   distance to waypoint: 31.9 m
2026-07-07 09:59:16,673 [DEBUG]   distance to waypoint: 30.5 m
2026-07-07 09:59:17,174 [DEBUG]   distance to waypoint: 29.0 m
2026-07-07 09:59:17,674 [DEBUG]   distance to waypoint: 27.5 m
2026-07-07 09:59:18,175 [DEBUG]   distance to waypoint: 25.9 m
2026-07-07 09:59:18,676 [DEBUG]   distance to waypoint: 24.5 m
2026-07-07 09:59:19,178 [DEBUG]   distance to waypoint: 23.1 m
2026-07-07 09:59:19,679 [DEBUG]   distance to waypoint: 21.6 m
2026-07-07 09:59:20,180 [DEBUG]   distance to waypoint: 20.0 m
2026-07-07 09:59:20,682 [DEBUG]   distance to waypoint: 18.6 m
2026-07-07 09:59:21,184 [DEBUG]   distance to waypoint: 17.0 m
2026-07-07 09:59:21,685 [DEBUG]   distance to waypoint: 15.5 m
2026-07-07 09:59:22,186 [DEBUG]   distance to waypoint: 14.1 m
2026-07-07 09:59:22,687 [DEBUG]   distance to waypoint: 12.7 m
2026-07-07 09:59:23,188 [DEBUG]   distance to waypoint: 11.1 m
2026-07-07 09:59:23,689 [DEBUG]   distance to waypoint: 9.7 m
2026-07-07 09:59:24,190 [DEBUG]   distance to waypoint: 8.2 m
2026-07-07 09:59:24,691 [DEBUG]   distance to waypoint: 6.7 m
2026-07-07 09:59:25,192 [DEBUG]   distance to waypoint: 5.2 m
2026-07-07 09:59:25,692 [DEBUG]   distance to waypoint: 3.8 m
2026-07-07 09:59:26,193 [DEBUG]   distance to waypoint: 2.8 m
2026-07-07 09:59:26,694 [DEBUG]   distance to waypoint: 2.1 m
2026-07-07 09:59:27,196 [DEBUG]   distance to waypoint: 1.5 m
2026-07-07 09:59:27,196 [INFO] Arrived at waypoint wp_ne (dist=1.5 m).
2026-07-07 09:59:27,196 [INFO] CMD: goto_location(lat=47.397242, lon=8.546094, alt=15.0 m, speed=3.0 m/s)
2026-07-07 09:59:27,221 [DEBUG] Waiting for arrival at waypoint wp_se …
2026-07-07 09:59:27,272 [DEBUG]   distance to waypoint: 111.3 m
2026-07-07 09:59:27,772 [DEBUG]   distance to waypoint: 111.3 m
2026-07-07 09:59:28,273 [DEBUG]   distance to waypoint: 110.9 m
2026-07-07 09:59:28,774 [DEBUG]   distance to waypoint: 110.1 m
2026-07-07 09:59:29,275 [DEBUG]   distance to waypoint: 108.8 m
2026-07-07 09:59:29,777 [DEBUG]   distance to waypoint: 107.2 m
2026-07-07 09:59:30,279 [DEBUG]   distance to waypoint: 105.8 m
2026-07-07 09:59:30,781 [DEBUG]   distance to waypoint: 104.4 m
2026-07-07 09:59:31,282 [DEBUG]   distance to waypoint: 103.0 m
2026-07-07 09:59:31,783 [DEBUG]   distance to waypoint: 101.5 m
2026-07-07 09:59:32,285 [DEBUG]   distance to waypoint: 100.1 m
2026-07-07 09:59:32,786 [DEBUG]   distance to waypoint: 98.6 m
2026-07-07 09:59:33,286 [DEBUG]   distance to waypoint: 97.1 m
2026-07-07 09:59:33,788 [DEBUG]   distance to waypoint: 95.6 m
2026-07-07 09:59:34,289 [DEBUG]   distance to waypoint: 94.1 m
2026-07-07 09:59:34,790 [DEBUG]   distance to waypoint: 92.7 m
2026-07-07 09:59:35,292 [DEBUG]   distance to waypoint: 91.1 m
2026-07-07 09:59:35,792 [DEBUG]   distance to waypoint: 89.6 m
2026-07-07 09:59:36,294 [DEBUG]   distance to waypoint: 88.2 m
2026-07-07 09:59:36,795 [DEBUG]   distance to waypoint: 86.8 m
2026-07-07 09:59:37,297 [DEBUG]   distance to waypoint: 85.2 m
2026-07-07 09:59:37,798 [DEBUG]   distance to waypoint: 83.8 m
2026-07-07 09:59:38,299 [DEBUG]   distance to waypoint: 82.3 m
2026-07-07 09:59:38,800 [DEBUG]   distance to waypoint: 80.9 m
2026-07-07 09:59:39,301 [DEBUG]   distance to waypoint: 79.4 m
2026-07-07 09:59:39,803 [DEBUG]   distance to waypoint: 77.9 m
2026-07-07 09:59:40,304 [DEBUG]   distance to waypoint: 76.5 m
2026-07-07 09:59:40,805 [DEBUG]   distance to waypoint: 75.0 m
2026-07-07 09:59:41,305 [DEBUG]   distance to waypoint: 73.6 m
2026-07-07 09:59:41,807 [DEBUG]   distance to waypoint: 72.1 m
2026-07-07 09:59:42,308 [DEBUG]   distance to waypoint: 70.7 m
2026-07-07 09:59:42,808 [DEBUG]   distance to waypoint: 69.2 m
2026-07-07 09:59:43,311 [DEBUG]   distance to waypoint: 67.7 m
2026-07-07 09:59:43,812 [DEBUG]   distance to waypoint: 66.2 m
2026-07-07 09:59:44,313 [DEBUG]   distance to waypoint: 64.7 m
2026-07-07 09:59:44,814 [DEBUG]   distance to waypoint: 63.2 m
2026-07-07 09:59:45,317 [DEBUG]   distance to waypoint: 61.8 m
2026-07-07 09:59:45,822 [DEBUG]   distance to waypoint: 60.3 m
2026-07-07 09:59:46,323 [DEBUG]   distance to waypoint: 58.9 m
2026-07-07 09:59:46,824 [DEBUG]   distance to waypoint: 57.4 m
2026-07-07 09:59:47,325 [DEBUG]   distance to waypoint: 55.9 m
2026-07-07 09:59:47,825 [DEBUG]   distance to waypoint: 54.4 m
2026-07-07 09:59:48,326 [DEBUG]   distance to waypoint: 53.0 m
2026-07-07 09:59:48,826 [DEBUG]   distance to waypoint: 51.6 m
2026-07-07 09:59:49,330 [DEBUG]   distance to waypoint: 50.1 m
2026-07-07 09:59:49,831 [DEBUG]   distance to waypoint: 48.6 m
2026-07-07 09:59:50,333 [DEBUG]   distance to waypoint: 47.1 m
2026-07-07 09:59:50,834 [DEBUG]   distance to waypoint: 45.5 m
2026-07-07 09:59:51,335 [DEBUG]   distance to waypoint: 44.1 m
2026-07-07 09:59:51,836 [DEBUG]   distance to waypoint: 42.6 m
2026-07-07 09:59:52,338 [DEBUG]   distance to waypoint: 41.1 m
2026-07-07 09:59:52,839 [DEBUG]   distance to waypoint: 39.6 m
2026-07-07 09:59:53,340 [DEBUG]   distance to waypoint: 38.1 m
2026-07-07 09:59:53,841 [DEBUG]   distance to waypoint: 36.7 m
2026-07-07 09:59:54,342 [DEBUG]   distance to waypoint: 35.2 m
2026-07-07 09:59:54,844 [DEBUG]   distance to waypoint: 33.7 m
2026-07-07 09:59:55,347 [DEBUG]   distance to waypoint: 32.2 m
2026-07-07 09:59:55,848 [DEBUG]   distance to waypoint: 30.8 m
2026-07-07 09:59:56,349 [DEBUG]   distance to waypoint: 29.3 m
2026-07-07 09:59:56,850 [DEBUG]   distance to waypoint: 27.8 m
2026-07-07 09:59:57,351 [DEBUG]   distance to waypoint: 26.3 m
2026-07-07 09:59:57,853 [DEBUG]   distance to waypoint: 24.9 m
2026-07-07 09:59:58,353 [DEBUG]   distance to waypoint: 23.4 m
2026-07-07 09:59:58,854 [DEBUG]   distance to waypoint: 21.9 m
2026-07-07 09:59:59,356 [DEBUG]   distance to waypoint: 20.4 m
2026-07-07 09:59:59,856 [DEBUG]   distance to waypoint: 18.9 m
2026-07-07 10:00:00,357 [DEBUG]   distance to waypoint: 17.5 m
2026-07-07 10:00:00,859 [DEBUG]   distance to waypoint: 16.0 m
2026-07-07 10:00:01,360 [DEBUG]   distance to waypoint: 14.5 m
2026-07-07 10:00:01,861 [DEBUG]   distance to waypoint: 13.0 m
2026-07-07 10:00:02,362 [DEBUG]   distance to waypoint: 11.5 m
2026-07-07 10:00:02,863 [DEBUG]   distance to waypoint: 10.0 m
2026-07-07 10:00:03,365 [DEBUG]   distance to waypoint: 8.6 m
2026-07-07 10:00:03,867 [DEBUG]   distance to waypoint: 7.1 m
2026-07-07 10:00:04,368 [DEBUG]   distance to waypoint: 5.6 m
2026-07-07 10:00:04,869 [DEBUG]   distance to waypoint: 4.2 m
2026-07-07 10:00:05,371 [DEBUG]   distance to waypoint: 3.0 m
2026-07-07 10:00:05,873 [DEBUG]   distance to waypoint: 2.2 m
2026-07-07 10:00:06,374 [DEBUG]   distance to waypoint: 1.6 m
2026-07-07 10:00:06,374 [INFO] Arrived at waypoint wp_se (dist=1.6 m).
2026-07-07 10:00:06,374 [INFO] CMD: goto_location(lat=47.397242, lon=8.545094, alt=15.0 m, speed=3.0 m/s)
2026-07-07 10:00:06,407 [DEBUG] Waiting for arrival at waypoint wp_sw …
2026-07-07 10:00:06,458 [DEBUG]   distance to waypoint: 75.3 m
2026-07-07 10:00:06,959 [DEBUG]   distance to waypoint: 75.3 m
2026-07-07 10:00:07,459 [DEBUG]   distance to waypoint: 74.9 m
2026-07-07 10:00:07,961 [DEBUG]   distance to waypoint: 74.1 m
2026-07-07 10:00:08,463 [DEBUG]   distance to waypoint: 72.8 m
2026-07-07 10:00:08,963 [DEBUG]   distance to waypoint: 71.2 m
2026-07-07 10:00:09,464 [DEBUG]   distance to waypoint: 69.9 m
2026-07-07 10:00:09,965 [DEBUG]   distance to waypoint: 68.5 m
2026-07-07 10:00:10,467 [DEBUG]   distance to waypoint: 67.0 m
2026-07-07 10:00:10,968 [DEBUG]   distance to waypoint: 65.6 m
2026-07-07 10:00:11,469 [DEBUG]   distance to waypoint: 64.1 m
2026-07-07 10:00:11,970 [DEBUG]   distance to waypoint: 62.7 m
2026-07-07 10:00:12,471 [DEBUG]   distance to waypoint: 61.1 m
2026-07-07 10:00:12,972 [DEBUG]   distance to waypoint: 59.6 m
2026-07-07 10:00:13,474 [DEBUG]   distance to waypoint: 58.2 m
2026-07-07 10:00:13,975 [DEBUG]   distance to waypoint: 56.7 m
2026-07-07 10:00:14,476 [DEBUG]   distance to waypoint: 55.2 m
2026-07-07 10:00:14,977 [DEBUG]   distance to waypoint: 53.7 m
2026-07-07 10:00:15,478 [DEBUG]   distance to waypoint: 52.3 m
2026-07-07 10:00:15,979 [DEBUG]   distance to waypoint: 50.8 m
2026-07-07 10:00:16,480 [DEBUG]   distance to waypoint: 49.3 m
2026-07-07 10:00:16,981 [DEBUG]   distance to waypoint: 47.8 m
2026-07-07 10:00:17,483 [DEBUG]   distance to waypoint: 46.4 m
2026-07-07 10:00:17,985 [DEBUG]   distance to waypoint: 44.9 m
2026-07-07 10:00:18,486 [DEBUG]   distance to waypoint: 43.4 m
2026-07-07 10:00:18,987 [DEBUG]   distance to waypoint: 41.8 m
2026-07-07 10:00:19,488 [DEBUG]   distance to waypoint: 40.4 m
2026-07-07 10:00:19,989 [DEBUG]   distance to waypoint: 38.9 m
2026-07-07 10:00:20,491 [DEBUG]   distance to waypoint: 37.4 m
2026-07-07 10:00:20,993 [DEBUG]   distance to waypoint: 36.0 m
2026-07-07 10:00:21,495 [DEBUG]   distance to waypoint: 34.4 m
2026-07-07 10:00:21,997 [DEBUG]   distance to waypoint: 32.9 m
2026-07-07 10:00:22,498 [DEBUG]   distance to waypoint: 31.4 m
2026-07-07 10:00:23,000 [DEBUG]   distance to waypoint: 30.0 m
2026-07-07 10:00:23,500 [DEBUG]   distance to waypoint: 28.5 m
2026-07-07 10:00:24,001 [DEBUG]   distance to waypoint: 27.0 m
2026-07-07 10:00:24,503 [DEBUG]   distance to waypoint: 25.5 m
2026-07-07 10:00:25,004 [DEBUG]   distance to waypoint: 24.0 m
2026-07-07 10:00:25,505 [DEBUG]   distance to waypoint: 22.5 m
2026-07-07 10:00:26,006 [DEBUG]   distance to waypoint: 21.1 m
2026-07-07 10:00:26,507 [DEBUG]   distance to waypoint: 19.6 m
2026-07-07 10:00:27,008 [DEBUG]   distance to waypoint: 18.1 m
2026-07-07 10:00:27,509 [DEBUG]   distance to waypoint: 16.7 m
2026-07-07 10:00:28,010 [DEBUG]   distance to waypoint: 15.2 m
2026-07-07 10:00:28,511 [DEBUG]   distance to waypoint: 13.7 m
2026-07-07 10:00:29,014 [DEBUG]   distance to waypoint: 12.2 m
2026-07-07 10:00:29,515 [DEBUG]   distance to waypoint: 10.8 m
2026-07-07 10:00:30,017 [DEBUG]   distance to waypoint: 9.3 m
2026-07-07 10:00:30,519 [DEBUG]   distance to waypoint: 7.8 m
2026-07-07 10:00:31,021 [DEBUG]   distance to waypoint: 6.3 m
2026-07-07 10:00:31,522 [DEBUG]   distance to waypoint: 4.9 m
2026-07-07 10:00:32,023 [DEBUG]   distance to waypoint: 3.5 m
2026-07-07 10:00:32,524 [DEBUG]   distance to waypoint: 2.6 m
2026-07-07 10:00:33,024 [DEBUG]   distance to waypoint: 1.9 m
2026-07-07 10:00:33,025 [INFO] Arrived at waypoint wp_sw (dist=1.9 m).
2026-07-07 10:00:33,026 [INFO] CMD: goto_location(lat=47.398242, lon=8.545094, alt=15.0 m, speed=3.0 m/s)
2026-07-07 10:00:33,074 [DEBUG] Waiting for arrival at waypoint wp_nw …
2026-07-07 10:00:33,125 [DEBUG]   distance to waypoint: 111.3 m
2026-07-07 10:00:33,626 [DEBUG]   distance to waypoint: 111.3 m
2026-07-07 10:00:34,126 [DEBUG]   distance to waypoint: 110.9 m
2026-07-07 10:00:34,627 [DEBUG]   distance to waypoint: 110.1 m
2026-07-07 10:00:35,129 [DEBUG]   distance to waypoint: 108.7 m
2026-07-07 10:00:35,630 [DEBUG]   distance to waypoint: 107.1 m
2026-07-07 10:00:36,133 [DEBUG]   distance to waypoint: 105.6 m
2026-07-07 10:00:36,634 [DEBUG]   distance to waypoint: 104.3 m
2026-07-07 10:00:37,134 [DEBUG]   distance to waypoint: 102.8 m
2026-07-07 10:00:37,635 [DEBUG]   distance to waypoint: 101.3 m
2026-07-07 10:00:38,136 [DEBUG]   distance to waypoint: 99.9 m
2026-07-07 10:00:38,637 [DEBUG]   distance to waypoint: 98.3 m
2026-07-07 10:00:39,138 [DEBUG]   distance to waypoint: 96.9 m
2026-07-07 10:00:39,640 [DEBUG]   distance to waypoint: 95.4 m
2026-07-07 10:00:40,141 [DEBUG]   distance to waypoint: 93.9 m
2026-07-07 10:00:40,642 [DEBUG]   distance to waypoint: 92.4 m
2026-07-07 10:00:41,143 [DEBUG]   distance to waypoint: 90.9 m
2026-07-07 10:00:41,644 [DEBUG]   distance to waypoint: 89.5 m
2026-07-07 10:00:42,145 [DEBUG]   distance to waypoint: 88.0 m
2026-07-07 10:00:42,647 [DEBUG]   distance to waypoint: 86.5 m
2026-07-07 10:00:43,148 [DEBUG]   distance to waypoint: 85.0 m
2026-07-07 10:00:43,649 [DEBUG]   distance to waypoint: 83.5 m
2026-07-07 10:00:44,150 [DEBUG]   distance to waypoint: 82.1 m
2026-07-07 10:00:44,652 [DEBUG]   distance to waypoint: 80.6 m
2026-07-07 10:00:45,153 [DEBUG]   distance to waypoint: 79.1 m
2026-07-07 10:00:45,654 [DEBUG]   distance to waypoint: 77.6 m
2026-07-07 10:00:46,155 [DEBUG]   distance to waypoint: 76.1 m
2026-07-07 10:00:46,656 [DEBUG]   distance to waypoint: 74.6 m
2026-07-07 10:00:47,165 [DEBUG]   distance to waypoint: 73.1 m
2026-07-07 10:00:47,666 [DEBUG]   distance to waypoint: 71.7 m
2026-07-07 10:00:48,167 [DEBUG]   distance to waypoint: 70.2 m
2026-07-07 10:00:48,669 [DEBUG]   distance to waypoint: 68.8 m
2026-07-07 10:00:49,169 [DEBUG]   distance to waypoint: 67.3 m
2026-07-07 10:00:49,670 [DEBUG]   distance to waypoint: 65.8 m
2026-07-07 10:00:50,171 [DEBUG]   distance to waypoint: 64.4 m
2026-07-07 10:00:50,672 [DEBUG]   distance to waypoint: 62.9 m
2026-07-07 10:00:51,174 [DEBUG]   distance to waypoint: 61.4 m
2026-07-07 10:00:51,675 [DEBUG]   distance to waypoint: 60.0 m
2026-07-07 10:00:52,176 [DEBUG]   distance to waypoint: 58.5 m
2026-07-07 10:00:52,677 [DEBUG]   distance to waypoint: 57.0 m
2026-07-07 10:00:53,178 [DEBUG]   distance to waypoint: 55.5 m
2026-07-07 10:00:53,679 [DEBUG]   distance to waypoint: 54.0 m
2026-07-07 10:00:54,181 [DEBUG]   distance to waypoint: 52.5 m
2026-07-07 10:00:54,681 [DEBUG]   distance to waypoint: 51.0 m
2026-07-07 10:00:55,182 [DEBUG]   distance to waypoint: 49.5 m
2026-07-07 10:00:55,683 [DEBUG]   distance to waypoint: 48.1 m
2026-07-07 10:00:56,184 [DEBUG]   distance to waypoint: 46.5 m
2026-07-07 10:00:56,685 [DEBUG]   distance to waypoint: 45.1 m
2026-07-07 10:00:57,186 [DEBUG]   distance to waypoint: 43.6 m
2026-07-07 10:00:57,687 [DEBUG]   distance to waypoint: 42.1 m
2026-07-07 10:00:58,189 [DEBUG]   distance to waypoint: 40.6 m
2026-07-07 10:00:58,690 [DEBUG]   distance to waypoint: 39.1 m
2026-07-07 10:00:59,191 [DEBUG]   distance to waypoint: 37.6 m
2026-07-07 10:00:59,693 [DEBUG]   distance to waypoint: 36.2 m
2026-07-07 10:01:00,194 [DEBUG]   distance to waypoint: 34.7 m
2026-07-07 10:01:00,695 [DEBUG]   distance to waypoint: 33.2 m
2026-07-07 10:01:01,196 [DEBUG]   distance to waypoint: 31.6 m
2026-07-07 10:01:01,698 [DEBUG]   distance to waypoint: 30.1 m
2026-07-07 10:01:02,199 [DEBUG]   distance to waypoint: 28.6 m
2026-07-07 10:01:02,702 [DEBUG]   distance to waypoint: 27.2 m
2026-07-07 10:01:03,202 [DEBUG]   distance to waypoint: 25.7 m
2026-07-07 10:01:03,703 [DEBUG]   distance to waypoint: 24.3 m
2026-07-07 10:01:04,204 [DEBUG]   distance to waypoint: 22.7 m
2026-07-07 10:01:04,707 [DEBUG]   distance to waypoint: 21.3 m
2026-07-07 10:01:05,208 [DEBUG]   distance to waypoint: 19.8 m
2026-07-07 10:01:05,709 [DEBUG]   distance to waypoint: 18.3 m
2026-07-07 10:01:06,211 [DEBUG]   distance to waypoint: 16.8 m
2026-07-07 10:01:06,711 [DEBUG]   distance to waypoint: 15.3 m
2026-07-07 10:01:07,212 [DEBUG]   distance to waypoint: 13.8 m
2026-07-07 10:01:07,713 [DEBUG]   distance to waypoint: 12.3 m
2026-07-07 10:01:08,214 [DEBUG]   distance to waypoint: 10.8 m
2026-07-07 10:01:08,715 [DEBUG]   distance to waypoint: 9.3 m
2026-07-07 10:01:09,217 [DEBUG]   distance to waypoint: 7.8 m
2026-07-07 10:01:09,718 [DEBUG]   distance to waypoint: 6.5 m
2026-07-07 10:01:10,219 [DEBUG]   distance to waypoint: 5.0 m
2026-07-07 10:01:10,720 [DEBUG]   distance to waypoint: 3.6 m
2026-07-07 10:01:11,221 [DEBUG]   distance to waypoint: 2.6 m
2026-07-07 10:01:11,722 [DEBUG]   distance to waypoint: 1.9 m
2026-07-07 10:01:11,722 [INFO] Arrived at waypoint wp_nw (dist=1.9 m).
2026-07-07 10:01:11,723 [INFO]   Loop iteration 2/2
2026-07-07 10:01:11,723 [INFO] CMD: goto_location(lat=47.398242, lon=8.546094, alt=15.0 m, speed=3.0 m/s)
2026-07-07 10:01:11,772 [DEBUG] Waiting for arrival at waypoint wp_ne …
2026-07-07 10:01:11,823 [DEBUG]   distance to waypoint: 75.4 m
2026-07-07 10:01:12,324 [DEBUG]   distance to waypoint: 75.4 m
2026-07-07 10:01:12,825 [DEBUG]   distance to waypoint: 75.0 m
2026-07-07 10:01:13,327 [DEBUG]   distance to waypoint: 74.2 m
2026-07-07 10:01:13,829 [DEBUG]   distance to waypoint: 72.8 m
2026-07-07 10:01:14,331 [DEBUG]   distance to waypoint: 71.3 m
2026-07-07 10:01:14,832 [DEBUG]   distance to waypoint: 69.9 m
2026-07-07 10:01:15,334 [DEBUG]   distance to waypoint: 68.5 m
2026-07-07 10:01:15,836 [DEBUG]   distance to waypoint: 67.1 m
2026-07-07 10:01:16,336 [DEBUG]   distance to waypoint: 65.6 m
2026-07-07 10:01:16,838 [DEBUG]   distance to waypoint: 64.1 m
2026-07-07 10:01:17,338 [DEBUG]   distance to waypoint: 62.5 m
2026-07-07 10:01:17,841 [DEBUG]   distance to waypoint: 61.1 m
2026-07-07 10:01:18,342 [DEBUG]   distance to waypoint: 59.6 m
2026-07-07 10:01:18,843 [DEBUG]   distance to waypoint: 58.1 m
2026-07-07 10:01:19,345 [DEBUG]   distance to waypoint: 56.7 m
2026-07-07 10:01:19,846 [DEBUG]   distance to waypoint: 55.2 m
2026-07-07 10:01:20,348 [DEBUG]   distance to waypoint: 53.7 m
2026-07-07 10:01:20,849 [DEBUG]   distance to waypoint: 52.2 m
2026-07-07 10:01:21,350 [DEBUG]   distance to waypoint: 50.7 m
2026-07-07 10:01:21,851 [DEBUG]   distance to waypoint: 49.2 m
2026-07-07 10:01:22,353 [DEBUG]   distance to waypoint: 47.7 m
2026-07-07 10:01:22,854 [DEBUG]   distance to waypoint: 46.2 m
2026-07-07 10:01:23,355 [DEBUG]   distance to waypoint: 44.8 m
2026-07-07 10:01:23,856 [DEBUG]   distance to waypoint: 43.3 m
2026-07-07 10:01:24,358 [DEBUG]   distance to waypoint: 41.8 m
2026-07-07 10:01:24,859 [DEBUG]   distance to waypoint: 40.3 m
2026-07-07 10:01:25,360 [DEBUG]   distance to waypoint: 38.8 m
2026-07-07 10:01:25,861 [DEBUG]   distance to waypoint: 37.4 m
2026-07-07 10:01:26,362 [DEBUG]   distance to waypoint: 35.9 m
2026-07-07 10:01:26,862 [DEBUG]   distance to waypoint: 34.4 m
2026-07-07 10:01:27,363 [DEBUG]   distance to waypoint: 32.9 m
2026-07-07 10:01:27,864 [DEBUG]   distance to waypoint: 31.4 m
2026-07-07 10:01:28,365 [DEBUG]   distance to waypoint: 29.9 m
2026-07-07 10:01:28,866 [DEBUG]   distance to waypoint: 28.4 m
2026-07-07 10:01:29,368 [DEBUG]   distance to waypoint: 26.9 m
2026-07-07 10:01:29,869 [DEBUG]   distance to waypoint: 25.4 m
2026-07-07 10:01:30,370 [DEBUG]   distance to waypoint: 23.9 m
2026-07-07 10:01:30,871 [DEBUG]   distance to waypoint: 22.4 m
2026-07-07 10:01:31,372 [DEBUG]   distance to waypoint: 21.0 m
2026-07-07 10:01:31,875 [DEBUG]   distance to waypoint: 19.6 m
2026-07-07 10:01:32,375 [DEBUG]   distance to waypoint: 18.1 m
2026-07-07 10:01:32,876 [DEBUG]   distance to waypoint: 16.6 m
2026-07-07 10:01:33,377 [DEBUG]   distance to waypoint: 15.1 m
2026-07-07 10:01:33,878 [DEBUG]   distance to waypoint: 13.6 m
2026-07-07 10:01:34,380 [DEBUG]   distance to waypoint: 12.1 m
2026-07-07 10:01:34,881 [DEBUG]   distance to waypoint: 10.7 m
2026-07-07 10:01:35,382 [DEBUG]   distance to waypoint: 9.2 m
2026-07-07 10:01:35,883 [DEBUG]   distance to waypoint: 7.7 m
2026-07-07 10:01:36,386 [DEBUG]   distance to waypoint: 6.3 m
2026-07-07 10:01:36,887 [DEBUG]   distance to waypoint: 4.8 m
2026-07-07 10:01:37,388 [DEBUG]   distance to waypoint: 3.5 m
2026-07-07 10:01:37,889 [DEBUG]   distance to waypoint: 2.6 m
2026-07-07 10:01:38,390 [DEBUG]   distance to waypoint: 1.9 m
2026-07-07 10:01:38,391 [INFO] Arrived at waypoint wp_ne (dist=1.9 m).
2026-07-07 10:01:38,391 [INFO] CMD: goto_location(lat=47.397242, lon=8.546094, alt=15.0 m, speed=3.0 m/s)
2026-07-07 10:01:38,437 [DEBUG] Waiting for arrival at waypoint wp_se …
2026-07-07 10:01:38,488 [DEBUG]   distance to waypoint: 111.2 m
2026-07-07 10:01:38,989 [DEBUG]   distance to waypoint: 111.3 m
2026-07-07 10:01:39,491 [DEBUG]   distance to waypoint: 110.9 m
2026-07-07 10:01:39,992 [DEBUG]   distance to waypoint: 110.1 m
2026-07-07 10:01:40,492 [DEBUG]   distance to waypoint: 108.7 m
2026-07-07 10:01:40,994 [DEBUG]   distance to waypoint: 107.2 m
2026-07-07 10:01:41,495 [DEBUG]   distance to waypoint: 105.8 m
2026-07-07 10:01:41,995 [DEBUG]   distance to waypoint: 104.4 m
2026-07-07 10:01:42,496 [DEBUG]   distance to waypoint: 102.9 m
2026-07-07 10:01:42,997 [DEBUG]   distance to waypoint: 101.4 m
2026-07-07 10:01:43,500 [DEBUG]   distance to waypoint: 99.9 m
2026-07-07 10:01:44,002 [DEBUG]   distance to waypoint: 98.6 m
2026-07-07 10:01:44,502 [DEBUG]   distance to waypoint: 97.1 m
2026-07-07 10:01:45,003 [DEBUG]   distance to waypoint: 95.6 m
2026-07-07 10:01:45,504 [DEBUG]   distance to waypoint: 94.1 m
2026-07-07 10:01:46,006 [DEBUG]   distance to waypoint: 92.6 m
2026-07-07 10:01:46,507 [DEBUG]   distance to waypoint: 91.1 m
2026-07-07 10:01:47,008 [DEBUG]   distance to waypoint: 89.7 m
2026-07-07 10:01:47,509 [DEBUG]   distance to waypoint: 88.2 m
2026-07-07 10:01:48,013 [DEBUG]   distance to waypoint: 86.7 m
2026-07-07 10:01:48,514 [DEBUG]   distance to waypoint: 85.2 m
2026-07-07 10:01:49,017 [DEBUG]   distance to waypoint: 83.7 m
2026-07-07 10:01:49,519 [DEBUG]   distance to waypoint: 82.2 m
2026-07-07 10:01:50,020 [DEBUG]   distance to waypoint: 80.7 m
2026-07-07 10:01:50,521 [DEBUG]   distance to waypoint: 79.3 m
2026-07-07 10:01:51,022 [DEBUG]   distance to waypoint: 77.9 m
2026-07-07 10:01:51,524 [DEBUG]   distance to waypoint: 76.4 m
2026-07-07 10:01:52,025 [DEBUG]   distance to waypoint: 74.9 m
2026-07-07 10:01:52,527 [DEBUG]   distance to waypoint: 73.4 m
2026-07-07 10:01:53,029 [DEBUG]   distance to waypoint: 72.0 m
2026-07-07 10:01:53,530 [DEBUG]   distance to waypoint: 70.4 m
2026-07-07 10:01:54,031 [DEBUG]   distance to waypoint: 69.0 m
2026-07-07 10:01:54,532 [DEBUG]   distance to waypoint: 67.5 m
2026-07-07 10:01:55,033 [DEBUG]   distance to waypoint: 66.0 m
2026-07-07 10:01:55,534 [DEBUG]   distance to waypoint: 64.6 m
2026-07-07 10:01:56,035 [DEBUG]   distance to waypoint: 63.1 m
2026-07-07 10:01:56,537 [DEBUG]   distance to waypoint: 61.6 m
2026-07-07 10:01:57,039 [DEBUG]   distance to waypoint: 60.2 m
2026-07-07 10:01:57,540 [DEBUG]   distance to waypoint: 58.7 m
2026-07-07 10:01:58,041 [DEBUG]   distance to waypoint: 57.2 m
2026-07-07 10:01:58,543 [DEBUG]   distance to waypoint: 55.7 m
2026-07-07 10:01:59,045 [DEBUG]   distance to waypoint: 54.2 m
2026-07-07 10:01:59,546 [DEBUG]   distance to waypoint: 52.7 m
2026-07-07 10:02:00,047 [DEBUG]   distance to waypoint: 51.3 m
2026-07-07 10:02:00,548 [DEBUG]   distance to waypoint: 49.8 m
2026-07-07 10:02:01,049 [DEBUG]   distance to waypoint: 48.4 m
2026-07-07 10:02:01,550 [DEBUG]   distance to waypoint: 46.9 m
2026-07-07 10:02:02,051 [DEBUG]   distance to waypoint: 45.4 m
2026-07-07 10:02:02,552 [DEBUG]   distance to waypoint: 43.9 m
2026-07-07 10:02:03,053 [DEBUG]   distance to waypoint: 42.4 m
2026-07-07 10:02:03,554 [DEBUG]   distance to waypoint: 40.9 m
2026-07-07 10:02:04,055 [DEBUG]   distance to waypoint: 39.5 m
2026-07-07 10:02:04,556 [DEBUG]   distance to waypoint: 38.1 m
2026-07-07 10:02:05,058 [DEBUG]   distance to waypoint: 36.6 m
2026-07-07 10:02:05,559 [DEBUG]   distance to waypoint: 35.1 m
2026-07-07 10:02:06,060 [DEBUG]   distance to waypoint: 33.6 m
2026-07-07 10:02:06,561 [DEBUG]   distance to waypoint: 32.2 m
2026-07-07 10:02:07,062 [DEBUG]   distance to waypoint: 30.6 m
2026-07-07 10:02:07,563 [DEBUG]   distance to waypoint: 29.2 m
2026-07-07 10:02:08,065 [DEBUG]   distance to waypoint: 27.6 m
2026-07-07 10:02:08,566 [DEBUG]   distance to waypoint: 26.2 m
2026-07-07 10:02:09,068 [DEBUG]   distance to waypoint: 24.7 m
2026-07-07 10:02:09,575 [DEBUG]   distance to waypoint: 23.2 m
2026-07-07 10:02:10,077 [DEBUG]   distance to waypoint: 21.8 m
2026-07-07 10:02:10,578 [DEBUG]   distance to waypoint: 20.3 m
2026-07-07 10:02:11,078 [DEBUG]   distance to waypoint: 18.9 m
2026-07-07 10:02:11,579 [DEBUG]   distance to waypoint: 17.3 m
2026-07-07 10:02:12,080 [DEBUG]   distance to waypoint: 15.8 m
2026-07-07 10:02:12,581 [DEBUG]   distance to waypoint: 14.3 m
2026-07-07 10:02:13,082 [DEBUG]   distance to waypoint: 12.9 m
2026-07-07 10:02:13,584 [DEBUG]   distance to waypoint: 11.4 m
2026-07-07 10:02:14,086 [DEBUG]   distance to waypoint: 10.0 m
2026-07-07 10:02:14,588 [DEBUG]   distance to waypoint: 8.4 m
2026-07-07 10:02:15,089 [DEBUG]   distance to waypoint: 7.0 m
2026-07-07 10:02:15,591 [DEBUG]   distance to waypoint: 5.5 m
2026-07-07 10:02:16,092 [DEBUG]   distance to waypoint: 4.1 m
2026-07-07 10:02:16,593 [DEBUG]   distance to waypoint: 2.9 m
2026-07-07 10:02:17,095 [DEBUG]   distance to waypoint: 2.1 m
2026-07-07 10:02:17,596 [DEBUG]   distance to waypoint: 1.5 m
2026-07-07 10:02:17,596 [INFO] Arrived at waypoint wp_se (dist=1.5 m).
2026-07-07 10:02:17,596 [INFO] CMD: goto_location(lat=47.397242, lon=8.545094, alt=15.0 m, speed=3.0 m/s)
2026-07-07 10:02:17,643 [DEBUG] Waiting for arrival at waypoint wp_sw …
2026-07-07 10:02:17,694 [DEBUG]   distance to waypoint: 75.3 m
2026-07-07 10:02:18,195 [DEBUG]   distance to waypoint: 75.3 m
2026-07-07 10:02:18,696 [DEBUG]   distance to waypoint: 74.9 m
2026-07-07 10:02:19,197 [DEBUG]   distance to waypoint: 74.1 m
2026-07-07 10:02:19,699 [DEBUG]   distance to waypoint: 72.7 m
2026-07-07 10:02:20,200 [DEBUG]   distance to waypoint: 71.2 m
2026-07-07 10:02:20,701 [DEBUG]   distance to waypoint: 69.8 m
2026-07-07 10:02:21,201 [DEBUG]   distance to waypoint: 68.4 m
2026-07-07 10:02:21,702 [DEBUG]   distance to waypoint: 66.9 m
2026-07-07 10:02:22,204 [DEBUG]   distance to waypoint: 65.5 m
2026-07-07 10:02:22,705 [DEBUG]   distance to waypoint: 64.0 m
2026-07-07 10:02:23,207 [DEBUG]   distance to waypoint: 62.6 m
2026-07-07 10:02:23,708 [DEBUG]   distance to waypoint: 61.1 m
2026-07-07 10:02:24,209 [DEBUG]   distance to waypoint: 59.6 m
2026-07-07 10:02:24,710 [DEBUG]   distance to waypoint: 58.1 m
2026-07-07 10:02:25,211 [DEBUG]   distance to waypoint: 56.7 m
2026-07-07 10:02:25,712 [DEBUG]   distance to waypoint: 55.2 m
2026-07-07 10:02:26,213 [DEBUG]   distance to waypoint: 53.7 m
2026-07-07 10:02:26,715 [DEBUG]   distance to waypoint: 52.2 m
2026-07-07 10:02:27,217 [DEBUG]   distance to waypoint: 50.7 m
2026-07-07 10:02:27,718 [DEBUG]   distance to waypoint: 49.3 m
2026-07-07 10:02:28,219 [DEBUG]   distance to waypoint: 47.8 m
2026-07-07 10:02:28,721 [DEBUG]   distance to waypoint: 46.4 m
2026-07-07 10:02:29,223 [DEBUG]   distance to waypoint: 44.9 m
2026-07-07 10:02:29,724 [DEBUG]   distance to waypoint: 43.4 m
2026-07-07 10:02:30,226 [DEBUG]   distance to waypoint: 41.9 m
2026-07-07 10:02:30,727 [DEBUG]   distance to waypoint: 40.5 m
2026-07-07 10:02:31,228 [DEBUG]   distance to waypoint: 39.0 m
2026-07-07 10:02:31,728 [DEBUG]   distance to waypoint: 37.5 m
2026-07-07 10:02:32,230 [DEBUG]   distance to waypoint: 36.1 m
2026-07-07 10:02:32,731 [DEBUG]   distance to waypoint: 34.6 m
2026-07-07 10:02:33,232 [DEBUG]   distance to waypoint: 33.0 m
2026-07-07 10:02:33,734 [DEBUG]   distance to waypoint: 31.5 m
2026-07-07 10:02:34,235 [DEBUG]   distance to waypoint: 30.0 m
2026-07-07 10:02:34,736 [DEBUG]   distance to waypoint: 28.6 m
2026-07-07 10:02:35,237 [DEBUG]   distance to waypoint: 27.1 m
2026-07-07 10:02:35,738 [DEBUG]   distance to waypoint: 25.6 m
2026-07-07 10:02:36,240 [DEBUG]   distance to waypoint: 24.1 m
2026-07-07 10:02:36,741 [DEBUG]   distance to waypoint: 22.7 m
2026-07-07 10:02:37,241 [DEBUG]   distance to waypoint: 21.2 m
2026-07-07 10:02:37,742 [DEBUG]   distance to waypoint: 19.8 m
2026-07-07 10:02:38,242 [DEBUG]   distance to waypoint: 18.3 m
2026-07-07 10:02:38,743 [DEBUG]   distance to waypoint: 16.8 m
2026-07-07 10:02:39,245 [DEBUG]   distance to waypoint: 15.4 m
2026-07-07 10:02:39,745 [DEBUG]   distance to waypoint: 13.9 m
2026-07-07 10:02:40,246 [DEBUG]   distance to waypoint: 12.4 m
2026-07-07 10:02:40,748 [DEBUG]   distance to waypoint: 10.9 m
2026-07-07 10:02:41,249 [DEBUG]   distance to waypoint: 9.4 m
2026-07-07 10:02:41,750 [DEBUG]   distance to waypoint: 8.0 m
2026-07-07 10:02:42,251 [DEBUG]   distance to waypoint: 6.5 m
2026-07-07 10:02:42,752 [DEBUG]   distance to waypoint: 5.1 m
2026-07-07 10:02:43,253 [DEBUG]   distance to waypoint: 3.7 m
2026-07-07 10:02:43,755 [DEBUG]   distance to waypoint: 2.7 m
2026-07-07 10:02:44,257 [DEBUG]   distance to waypoint: 2.0 m
2026-07-07 10:02:44,257 [INFO] Arrived at waypoint wp_sw (dist=2.0 m).
2026-07-07 10:02:44,257 [INFO] CMD: goto_location(lat=47.398242, lon=8.545094, alt=15.0 m, speed=3.0 m/s)
2026-07-07 10:02:44,304 [DEBUG] Waiting for arrival at waypoint wp_nw …
2026-07-07 10:02:44,356 [DEBUG]   distance to waypoint: 111.3 m
2026-07-07 10:02:44,858 [DEBUG]   distance to waypoint: 111.3 m
2026-07-07 10:02:45,359 [DEBUG]   distance to waypoint: 110.9 m
2026-07-07 10:02:45,860 [DEBUG]   distance to waypoint: 110.1 m
2026-07-07 10:02:46,361 [DEBUG]   distance to waypoint: 108.8 m
2026-07-07 10:02:46,863 [DEBUG]   distance to waypoint: 107.2 m
2026-07-07 10:02:47,364 [DEBUG]   distance to waypoint: 105.8 m
2026-07-07 10:02:47,864 [DEBUG]   distance to waypoint: 104.3 m
2026-07-07 10:02:48,365 [DEBUG]   distance to waypoint: 102.9 m
2026-07-07 10:02:48,867 [DEBUG]   distance to waypoint: 101.6 m
2026-07-07 10:02:49,368 [DEBUG]   distance to waypoint: 100.1 m
2026-07-07 10:02:49,869 [DEBUG]   distance to waypoint: 98.6 m
2026-07-07 10:02:50,372 [DEBUG]   distance to waypoint: 97.1 m
2026-07-07 10:02:50,872 [DEBUG]   distance to waypoint: 95.6 m
2026-07-07 10:02:51,373 [DEBUG]   distance to waypoint: 94.0 m
2026-07-07 10:02:51,874 [DEBUG]   distance to waypoint: 92.6 m
2026-07-07 10:02:52,376 [DEBUG]   distance to waypoint: 91.1 m
2026-07-07 10:02:52,877 [DEBUG]   distance to waypoint: 89.6 m
2026-07-07 10:02:53,379 [DEBUG]   distance to waypoint: 88.1 m
2026-07-07 10:02:53,880 [DEBUG]   distance to waypoint: 86.7 m
2026-07-07 10:02:54,381 [DEBUG]   distance to waypoint: 85.2 m
2026-07-07 10:02:54,882 [DEBUG]   distance to waypoint: 83.7 m
2026-07-07 10:02:55,383 [DEBUG]   distance to waypoint: 82.3 m
2026-07-07 10:02:55,884 [DEBUG]   distance to waypoint: 80.7 m
2026-07-07 10:02:56,385 [DEBUG]   distance to waypoint: 79.2 m
2026-07-07 10:02:56,887 [DEBUG]   distance to waypoint: 77.8 m
2026-07-07 10:02:57,388 [DEBUG]   distance to waypoint: 76.2 m
2026-07-07 10:02:57,889 [DEBUG]   distance to waypoint: 74.8 m
2026-07-07 10:02:58,390 [DEBUG]   distance to waypoint: 73.3 m
2026-07-07 10:02:58,892 [DEBUG]   distance to waypoint: 71.8 m
2026-07-07 10:02:59,393 [DEBUG]   distance to waypoint: 70.3 m
2026-07-07 10:02:59,894 [DEBUG]   distance to waypoint: 68.8 m
2026-07-07 10:03:00,395 [DEBUG]   distance to waypoint: 67.3 m
2026-07-07 10:03:00,897 [DEBUG]   distance to waypoint: 65.9 m
2026-07-07 10:03:01,398 [DEBUG]   distance to waypoint: 64.4 m
2026-07-07 10:03:01,899 [DEBUG]   distance to waypoint: 63.0 m
2026-07-07 10:03:02,400 [DEBUG]   distance to waypoint: 61.5 m
2026-07-07 10:03:02,901 [DEBUG]   distance to waypoint: 60.1 m
2026-07-07 10:03:03,403 [DEBUG]   distance to waypoint: 58.5 m
2026-07-07 10:03:03,904 [DEBUG]   distance to waypoint: 57.0 m
2026-07-07 10:03:04,404 [DEBUG]   distance to waypoint: 55.5 m
2026-07-07 10:03:04,905 [DEBUG]   distance to waypoint: 54.1 m
2026-07-07 10:03:05,407 [DEBUG]   distance to waypoint: 52.7 m
2026-07-07 10:03:05,907 [DEBUG]   distance to waypoint: 51.1 m
2026-07-07 10:03:06,408 [DEBUG]   distance to waypoint: 49.7 m
2026-07-07 10:03:06,910 [DEBUG]   distance to waypoint: 48.2 m
2026-07-07 10:03:07,411 [DEBUG]   distance to waypoint: 46.7 m
2026-07-07 10:03:07,912 [DEBUG]   distance to waypoint: 45.2 m
2026-07-07 10:03:08,414 [DEBUG]   distance to waypoint: 43.8 m
2026-07-07 10:03:08,915 [DEBUG]   distance to waypoint: 42.3 m
2026-07-07 10:03:09,415 [DEBUG]   distance to waypoint: 40.8 m
2026-07-07 10:03:09,916 [DEBUG]   distance to waypoint: 39.3 m
2026-07-07 10:03:10,418 [DEBUG]   distance to waypoint: 37.8 m
2026-07-07 10:03:10,919 [DEBUG]   distance to waypoint: 36.3 m
2026-07-07 10:03:11,420 [DEBUG]   distance to waypoint: 34.8 m
2026-07-07 10:03:11,921 [DEBUG]   distance to waypoint: 33.4 m
2026-07-07 10:03:12,422 [DEBUG]   distance to waypoint: 31.9 m
2026-07-07 10:03:12,923 [DEBUG]   distance to waypoint: 30.5 m
2026-07-07 10:03:13,424 [DEBUG]   distance to waypoint: 29.0 m
2026-07-07 10:03:13,926 [DEBUG]   distance to waypoint: 27.5 m
2026-07-07 10:03:14,427 [DEBUG]   distance to waypoint: 26.0 m
2026-07-07 10:03:14,928 [DEBUG]   distance to waypoint: 24.6 m
2026-07-07 10:03:15,428 [DEBUG]   distance to waypoint: 23.1 m
2026-07-07 10:03:15,930 [DEBUG]   distance to waypoint: 21.6 m
2026-07-07 10:03:16,431 [DEBUG]   distance to waypoint: 20.2 m
2026-07-07 10:03:16,932 [DEBUG]   distance to waypoint: 18.6 m
2026-07-07 10:03:17,433 [DEBUG]   distance to waypoint: 17.2 m
2026-07-07 10:03:17,934 [DEBUG]   distance to waypoint: 15.7 m
2026-07-07 10:03:18,435 [DEBUG]   distance to waypoint: 14.2 m
2026-07-07 10:03:18,936 [DEBUG]   distance to waypoint: 12.8 m
2026-07-07 10:03:19,436 [DEBUG]   distance to waypoint: 11.3 m
2026-07-07 10:03:19,937 [DEBUG]   distance to waypoint: 9.8 m
2026-07-07 10:03:20,438 [DEBUG]   distance to waypoint: 8.3 m
2026-07-07 10:03:20,939 [DEBUG]   distance to waypoint: 6.8 m
2026-07-07 10:03:21,441 [DEBUG]   distance to waypoint: 5.3 m
2026-07-07 10:03:21,942 [DEBUG]   distance to waypoint: 3.9 m
2026-07-07 10:03:22,443 [DEBUG]   distance to waypoint: 2.9 m
2026-07-07 10:03:22,945 [DEBUG]   distance to waypoint: 2.1 m
2026-07-07 10:03:23,447 [DEBUG]   distance to waypoint: 1.5 m
2026-07-07 10:03:23,447 [INFO] Arrived at waypoint wp_nw (dist=1.5 m).
2026-07-07 10:03:23,448 [INFO] ─── Action 7/7: type=ActionType.RTL id=rtl1
2026-07-07 10:03:23,448 [INFO] CMD: return_to_launch()
2026-07-07 10:03:23,461 [DEBUG] Waiting for LANDED_STATE_ON_GROUND …
2026-07-07 10:03:23,765 [DEBUG]   landed_state=IN_AIR
2026-07-07 10:03:24,775 [DEBUG]   landed_state=IN_AIR
2026-07-07 10:03:25,806 [DEBUG]   landed_state=IN_AIR
2026-07-07 10:03:26,843 [DEBUG]   landed_state=IN_AIR
2026-07-07 10:03:27,855 [DEBUG]   landed_state=IN_AIR
2026-07-07 10:03:28,867 [DEBUG]   landed_state=IN_AIR
2026-07-07 10:03:29,878 [DEBUG]   landed_state=IN_AIR
2026-07-07 10:03:30,897 [DEBUG]   landed_state=IN_AIR
2026-07-07 10:03:31,916 [DEBUG]   landed_state=IN_AIR
2026-07-07 10:03:32,926 [DEBUG]   landed_state=IN_AIR
2026-07-07 10:03:33,935 [DEBUG]   landed_state=IN_AIR
2026-07-07 10:03:34,940 [DEBUG]   landed_state=IN_AIR
2026-07-07 10:03:35,955 [DEBUG]   landed_state=IN_AIR
2026-07-07 10:03:36,969 [DEBUG]   landed_state=IN_AIR
2026-07-07 10:03:37,979 [DEBUG]   landed_state=IN_AIR
2026-07-07 10:03:38,991 [DEBUG]   landed_state=IN_AIR
2026-07-07 10:03:40,013 [DEBUG]   landed_state=IN_AIR
2026-07-07 10:03:41,020 [DEBUG]   landed_state=IN_AIR
2026-07-07 10:03:42,020 [DEBUG]   landed_state=IN_AIR
2026-07-07 10:03:43,035 [DEBUG]   landed_state=IN_AIR
2026-07-07 10:03:44,050 [DEBUG]   landed_state=IN_AIR
2026-07-07 10:03:45,072 [DEBUG]   landed_state=IN_AIR
2026-07-07 10:03:46,082 [DEBUG]   landed_state=IN_AIR
2026-07-07 10:03:47,090 [DEBUG]   landed_state=IN_AIR
2026-07-07 10:03:48,099 [DEBUG]   landed_state=IN_AIR
2026-07-07 10:03:49,122 [DEBUG]   landed_state=IN_AIR
2026-07-07 10:03:50,151 [DEBUG]   landed_state=IN_AIR
2026-07-07 10:03:51,172 [DEBUG]   landed_state=IN_AIR
2026-07-07 10:03:52,187 [DEBUG]   landed_state=LANDING
2026-07-07 10:03:53,209 [DEBUG]   landed_state=LANDING
2026-07-07 10:03:54,228 [DEBUG]   landed_state=LANDING
2026-07-07 10:03:55,239 [DEBUG]   landed_state=LANDING
2026-07-07 10:03:56,250 [DEBUG]   landed_state=LANDING
2026-07-07 10:03:57,271 [DEBUG]   landed_state=LANDING
2026-07-07 10:03:58,296 [DEBUG]   landed_state=LANDING
2026-07-07 10:03:59,301 [DEBUG]   landed_state=LANDING
2026-07-07 10:04:00,324 [DEBUG]   landed_state=LANDING
2026-07-07 10:04:01,357 [DEBUG]   landed_state=LANDING
2026-07-07 10:04:02,363 [DEBUG]   landed_state=LANDING
2026-07-07 10:04:03,420 [DEBUG]   landed_state=LANDING
2026-07-07 10:04:04,429 [DEBUG]   landed_state=LANDING
2026-07-07 10:04:05,445 [DEBUG]   landed_state=LANDING
2026-07-07 10:04:06,461 [DEBUG]   landed_state=LANDING
2026-07-07 10:04:07,460 [DEBUG]   landed_state=LANDING
2026-07-07 10:04:08,461 [DEBUG]   landed_state=LANDING
2026-07-07 10:04:09,479 [DEBUG]   landed_state=LANDING
2026-07-07 10:04:10,489 [DEBUG]   landed_state=LANDING
2026-07-07 10:04:11,525 [DEBUG]   landed_state=LANDING
2026-07-07 10:04:12,543 [DEBUG]   landed_state=LANDING
2026-07-07 10:04:13,561 [DEBUG]   landed_state=LANDING
2026-07-07 10:04:14,563 [DEBUG]   landed_state=LANDING
2026-07-07 10:04:15,582 [DEBUG]   landed_state=LANDING
2026-07-07 10:04:16,608 [DEBUG]   landed_state=LANDING
2026-07-07 10:04:17,650 [DEBUG]   landed_state=LANDING
2026-07-07 10:04:18,671 [DEBUG]   landed_state=LANDING
2026-07-07 10:04:19,695 [DEBUG]   landed_state=ON_GROUND
2026-07-07 10:04:19,695 [INFO] Landed (RTL complete).
2026-07-07 10:04:19,695 [INFO] ════════════════════════════════════════════════════════════
2026-07-07 10:04:19,695 [INFO] MISSION COMPLETE  mission_id=75933a40-9b65-49c3-8605-e074cd6585d5
2026-07-07 10:04:19,695 [INFO] ════════════════════════════════════════════════════════════
